******************************************************************************
                  MSP430 Linker PC v4.1.1                      
******************************************************************************
>> Linked Sat Dec 29 00:17:02 2012

OUTPUT FILE NAME:   <Launchpad.out>
ENTRY POINT SYMBOL: "_c_int00"  address: 0000c5e6


MEMORY CONFIGURATION

         name            origin    length      used     unused   attr    fill
----------------------  --------  ---------  --------  --------  ----  --------
  SFR                   00000000   00000010  00000000  00000010  RWIX
  PERIPHERALS_8BIT      00000010   000000f0  00000000  000000f0  RWIX
  PERIPHERALS_16BIT     00000100   00000100  00000000  00000100  RWIX
  RAM                   00000200   00000200  000001f6  0000000a  RWIX
  INFOD                 00001000   00000040  00000000  00000040  RWIX
  INFOC                 00001040   00000040  00000000  00000040  RWIX
  INFOB                 00001080   00000040  00000000  00000040  RWIX
  INFOA                 000010c0   00000040  00000000  00000040  RWIX
  FLASH                 0000c000   00003fe0  000006ec  000038f4  RWIX
  INT00                 0000ffe0   00000002  00000000  00000002  RWIX
  INT01                 0000ffe2   00000002  00000000  00000002  RWIX
  INT02                 0000ffe4   00000002  00000000  00000002  RWIX
  INT03                 0000ffe6   00000002  00000000  00000002  RWIX
  INT04                 0000ffe8   00000002  00000000  00000002  RWIX
  INT05                 0000ffea   00000002  00000002  00000000  RWIX
  INT06                 0000ffec   00000002  00000002  00000000  RWIX
  INT07                 0000ffee   00000002  00000002  00000000  RWIX
  INT08                 0000fff0   00000002  00000002  00000000  RWIX
  INT09                 0000fff2   00000002  00000000  00000002  RWIX
  INT10                 0000fff4   00000002  00000002  00000000  RWIX
  INT11                 0000fff6   00000002  00000000  00000002  RWIX
  INT12                 0000fff8   00000002  00000002  00000000  RWIX
  INT13                 0000fffa   00000002  00000002  00000000  RWIX
  INT14                 0000fffc   00000002  00000000  00000002  RWIX
  RESET                 0000fffe   00000002  00000002  00000000  RWIX


SECTION ALLOCATION MAP

 output                                  attributes/
section   page    origin      length       input sections
--------  ----  ----------  ----------   ----------------
.init_array 
*          0    0000c000    00000000     UNINITIALIZED

.bss       0    00000200    00000174     UNINITIALIZED
                  00000200    00000154     main.obj (.bss)
                  00000354    00000020     serial.obj (.bss)

.TI.noinit 
*          0    00000200    00000000     UNINITIALIZED

.data      0    00000374    00000032     
                  00000374    0000001e     main.obj (.data)
                  00000392    0000000c     serial.obj (.data)
                  0000039e    00000005     timer.obj (.data)
                  000003a3    00000001     --HOLE--
                  000003a4    00000002     commutate.obj (.data)

.TI.persistent 
*          0    00000374    00000000     UNINITIALIZED

.stack     0    000003b0    00000050     UNINITIALIZED
                  000003b0    00000002     rts430_eabi.lib : boot.obj (.stack)
                  000003b2    0000004e     --HOLE--

.text      0    0000c000    00000680     
                  0000c000    000001a8     main.obj (.text:ADC10_ISR)
                  0000c1a8    000000ba     main.obj (.text:main)
                  0000c262    0000009a     serial.obj (.text:USCIAB0RX_ISR)
                  0000c2fc    0000005e     rts430_eabi.lib : copy_decompress_rle.obj (.text:__TI_decompress_rle_core)
                  0000c35a    0000005e                     : autoinit.obj (.text:_auto_init)
                  0000c3b8    00000058     main.obj (.text:empty_buffer)
                  0000c410    0000004c     rts430_eabi.lib : lsr16.obj (.text)
                  0000c45c    00000036     timer.obj (.text:TIMER1_A1_ISR)
                  0000c492    00000034     serial.obj (.text:USCIAB0TX_ISR)
                  0000c4c6    00000034     commutate.obj (.text:commutate_dir)
                  0000c4fa    0000002e     commutate.obj (.text:commutate)
                  0000c528    0000002c     rts430_eabi.lib : lsl16.obj (.text)
                  0000c554    0000002a     timer.obj (.text:TIMER1_A0_ISR)
                  0000c57e    00000024     pwm.obj (.text:pwm1_init)
                  0000c5a2    00000024     timer.obj (.text:timera0_init)
                  0000c5c6    00000020     serial.obj (.text:serial_init)
                  0000c5e6    0000001a     rts430_eabi.lib : boot.obj (.text:_c_int00_noexit)
                  0000c600    00000014                     : copy_zero_init.obj (.text:decompress:ZI:__TI_zero_init)
                  0000c614    00000014     pwm.obj (.text:pwm1_duty_cycle)
                  0000c628    00000012     rts430_eabi.lib : copy_decompress_none.obj (.text:decompress:none:__TI_decompress_none)
                  0000c63a    00000012                     : memcpy.obj (.text:memcpy)
                  0000c64c    00000010     timer.obj (.text:TIMER0_A1_ISR)
                  0000c65c    00000010     rts430_eabi.lib : epilog.obj (.text)
                  0000c66c    00000006     main.obj (.text:WDT_ISR)
                  0000c672    00000006     rts430_eabi.lib : copy_decompress_rle.obj (.text:decompress:rle24:__TI_decompress_rle24)
                  0000c678    00000004                     : pre_init.obj (.text:_system_pre_init)
                  0000c67c    00000004                     : exit.obj (.text:abort)

.const     0    0000c680    00000048     
                  0000c680    0000000c     timer.obj (.const:bemf_chan_lut)
                  0000c68c    0000000c     main.obj (.const:emf_slope_lut)
                  0000c698    0000000c     commutate.obj (.const:p2out_clr_lut)
                  0000c6a4    0000000c     commutate.obj (.const:p2out_set_lut)
                  0000c6b0    0000000c     commutate.obj (.const:p2sel_set_lut)
                  0000c6bc    0000000c     timer.obj (.const:vpwr_chan_lut)

.cinit     0    0000c6c8    00000024     
                  0000c6c8    00000012     (.cinit..data.load) [load image, compression = rle]
                  0000c6da    00000006     (__TI_handler_table)
                  0000c6e0    00000004     (.cinit..bss.load) [load image, compression = zero_init]
                  0000c6e4    00000008     (__TI_cinit_table)

ADC10      0    0000ffea    00000002     
                  0000ffea    00000002     main.obj (.int05)

USCIAB0TX 
*          0    0000ffec    00000002     
                  0000ffec    00000002     serial.obj (.int06)

USCIAB0RX 
*          0    0000ffee    00000002     
                  0000ffee    00000002     serial.obj (.int07)

TIMER0_A1 
*          0    0000fff0    00000002     
                  0000fff0    00000002     timer.obj (.int08)

WDT        0    0000fff4    00000002     
                  0000fff4    00000002     main.obj (.int10)

TIMER1_A1 
*          0    0000fff8    00000002     
                  0000fff8    00000002     timer.obj (.int12)

TIMER1_A0 
*          0    0000fffa    00000002     
                  0000fffa    00000002     timer.obj (.int13)

.reset     0    0000fffe    00000002     
                  0000fffe    00000002     rts430_eabi.lib : boot.obj (.reset)


LINKER GENERATED COPY TABLES

__TI_cinit_table @ 0000c6e4 records: 2, size/record: 4, table size: 8
	.data: load addr=0000c6c8, load size=00000012 bytes, run addr=00000374, run size=00000032 bytes, compression=rle
	.bss: load addr=0000c6e0, load size=00000004 bytes, run addr=00000200, run size=00000174 bytes, compression=zero_init


LINKER GENERATED HANDLER TABLE

__TI_handler_table @ 0000c6da records: 3, size/record: 2, table size: 6
	index: 0, handler: __TI_zero_init
	index: 1, handler: __TI_decompress_rle24
	index: 2, handler: __TI_decompress_none


GLOBAL SYMBOLS: SORTED ALPHABETICALLY BY Name 

address    name
--------   ----
0000004a   ADC10AE0
000001b0   ADC10CTL0
000001b2   ADC10CTL1
00000048   ADC10DTC0
00000049   ADC10DTC1
000001b4   ADC10MEM
000001bc   ADC10SA
0000c000   ADC10_ISR
00000057   BCSCTL1
00000058   BCSCTL2
00000053   BCSCTL3
0000c67c   C$$EXIT
00000059   CACTL1
0000005a   CACTL2
000010fb   CALBC1_12MHZ
000010f9   CALBC1_16MHZ
000010ff   CALBC1_1MHZ
000010fd   CALBC1_8MHZ
000010fa   CALDCO_12MHZ
000010f8   CALDCO_16MHZ
000010fe   CALDCO_1MHZ
000010fc   CALDCO_8MHZ
0000005b   CAPD
00000056   DCOCTL
00000128   FCTL1
0000012a   FCTL2
0000012c   FCTL3
00000000   IE1
00000001   IE2
00000002   IFG1
00000003   IFG2
00000022   P1DIR
00000025   P1IE
00000024   P1IES
00000023   P1IFG
00000020   P1IN
00000021   P1OUT
00000027   P1REN
00000026   P1SEL
00000041   P1SEL2
0000002a   P2DIR
0000002d   P2IE
0000002c   P2IES
0000002b   P2IFG
00000028   P2IN
00000029   P2OUT
0000002f   P2REN
0000002e   P2SEL
00000042   P2SEL2
0000001a   P3DIR
00000018   P3IN
00000019   P3OUT
00000010   P3REN
0000001b   P3SEL
00000043   P3SEL2
00000172   TA0CCR0
00000174   TA0CCR1
00000176   TA0CCR2
00000162   TA0CCTL0
00000164   TA0CCTL1
00000166   TA0CCTL2
00000160   TA0CTL
0000012e   TA0IV
00000170   TA0R
00000192   TA1CCR0
00000194   TA1CCR1
00000196   TA1CCR2
00000182   TA1CCTL0
00000184   TA1CCTL1
00000186   TA1CCTL2
00000180   TA1CTL
0000011e   TA1IV
00000190   TA1R
0000c64c   TIMER0_A1_ISR
0000c554   TIMER1_A0_ISR
0000c45c   TIMER1_A1_ISR
0000005d   UCA0ABCTL
00000062   UCA0BR0
00000063   UCA0BR1
00000060   UCA0CTL0
00000061   UCA0CTL1
0000005f   UCA0IRRCTL
0000005e   UCA0IRTCTL
00000064   UCA0MCTL
00000066   UCA0RXBUF
00000065   UCA0STAT
00000067   UCA0TXBUF
0000006a   UCB0BR0
0000006b   UCB0BR1
00000068   UCB0CTL0
00000069   UCB0CTL1
0000006c   UCB0I2CIE
00000118   UCB0I2COA
0000011a   UCB0I2CSA
0000006e   UCB0RXBUF
0000006d   UCB0STAT
0000006f   UCB0TXBUF
0000c262   USCIAB0RX_ISR
0000c492   USCIAB0TX_ISR
00000120   WDTCTL
0000c66c   WDT_ISR
00000400   __STACK_END
00000050   __STACK_SIZE
0000c6e4   __TI_CINIT_Base
0000c6ec   __TI_CINIT_Limit
0000c6da   __TI_Handler_Table_Base
0000c6e0   __TI_Handler_Table_Limit
UNDEFED    __TI_INITARRAY_Base
UNDEFED    __TI_INITARRAY_Limit
00000001   __TI_args_main
0000c628   __TI_decompress_none
0000c672   __TI_decompress_rle24
00000001   __TI_exit
0000c600   __TI_zero_init
ffffffff   __binit__
ffffffff   __c_args__
0000c668   __mspabi_func_epilog_1
0000c666   __mspabi_func_epilog_2
0000c664   __mspabi_func_epilog_3
0000c662   __mspabi_func_epilog_4
0000c660   __mspabi_func_epilog_5
0000c65e   __mspabi_func_epilog_6
0000c65c   __mspabi_func_epilog_7
0000c528   __mspabi_slli
0000c550   __mspabi_slli_1
0000c53e   __mspabi_slli_10
0000c53c   __mspabi_slli_11
0000c53a   __mspabi_slli_12
0000c538   __mspabi_slli_13
0000c536   __mspabi_slli_14
0000c534   __mspabi_slli_15
0000c54e   __mspabi_slli_2
0000c54c   __mspabi_slli_3
0000c54a   __mspabi_slli_4
0000c548   __mspabi_slli_5
0000c546   __mspabi_slli_6
0000c544   __mspabi_slli_7
0000c542   __mspabi_slli_8
0000c540   __mspabi_slli_9
0000c410   __mspabi_srli
0000c456   __mspabi_srli_1
0000c432   __mspabi_srli_10
0000c42e   __mspabi_srli_11
0000c42a   __mspabi_srli_12
0000c426   __mspabi_srli_13
0000c422   __mspabi_srli_14
0000c41e   __mspabi_srli_15
0000c452   __mspabi_srli_2
0000c44e   __mspabi_srli_3
0000c44a   __mspabi_srli_4
0000c446   __mspabi_srli_5
0000c442   __mspabi_srli_6
0000c43e   __mspabi_srli_7
0000c43a   __mspabi_srli_8
0000c436   __mspabi_srli_9
0000c35a   _auto_init
0000c5e6   _c_int00
0000c5e6   _c_int00_noexit
0000fffe   _reset_vector
000003b0   _stack
0000c678   _system_pre_init
0000c67c   abort
00000390   adc_channel
00000391   adc_last_state
ffffffff   binit
00000384   blank
0000039a   byte_cnt
0000037a   byte_shift
0000039b   cmd
00000388   comms
0000c4fa   commutate
0000c4c6   commutate_dir
00000200   debug_buffer
0000038c   debug_select
00000374   direction
00000378   dump_ptr
0000c3b8   empty_buffer
00000376   fill_ptr
00000380   integral
0000c1a8   main
0000c63a   memcpy
0000038a   operation_mode
0000c614   pwm1_duty_cycle
0000c57e   pwm1_init
00000354   rxBuf
0000039c   rxData
00000398   rxIndexRd
00000396   rxIndexWr
0000c5c6   serial_init
0000037e   speed
0000038e   startup
000003a4   state
00000382   threshold
0000037c   time
0000c5a2   timera0_init
00000364   txBuf
00000394   txIndexRd
00000392   txIndexWr
00000386   vpwr


GLOBAL SYMBOLS: SORTED BY Symbol Address 

address    name
--------   ----
00000000   IE1
00000001   IE2
00000001   __TI_args_main
00000001   __TI_exit
00000002   IFG1
00000003   IFG2
00000010   P3REN
00000018   P3IN
00000019   P3OUT
0000001a   P3DIR
0000001b   P3SEL
00000020   P1IN
00000021   P1OUT
00000022   P1DIR
00000023   P1IFG
00000024   P1IES
00000025   P1IE
00000026   P1SEL
00000027   P1REN
00000028   P2IN
00000029   P2OUT
0000002a   P2DIR
0000002b   P2IFG
0000002c   P2IES
0000002d   P2IE
0000002e   P2SEL
0000002f   P2REN
00000041   P1SEL2
00000042   P2SEL2
00000043   P3SEL2
00000048   ADC10DTC0
00000049   ADC10DTC1
0000004a   ADC10AE0
00000050   __STACK_SIZE
00000053   BCSCTL3
00000056   DCOCTL
00000057   BCSCTL1
00000058   BCSCTL2
00000059   CACTL1
0000005a   CACTL2
0000005b   CAPD
0000005d   UCA0ABCTL
0000005e   UCA0IRTCTL
0000005f   UCA0IRRCTL
00000060   UCA0CTL0
00000061   UCA0CTL1
00000062   UCA0BR0
00000063   UCA0BR1
00000064   UCA0MCTL
00000065   UCA0STAT
00000066   UCA0RXBUF
00000067   UCA0TXBUF
00000068   UCB0CTL0
00000069   UCB0CTL1
0000006a   UCB0BR0
0000006b   UCB0BR1
0000006c   UCB0I2CIE
0000006d   UCB0STAT
0000006e   UCB0RXBUF
0000006f   UCB0TXBUF
00000118   UCB0I2COA
0000011a   UCB0I2CSA
0000011e   TA1IV
00000120   WDTCTL
00000128   FCTL1
0000012a   FCTL2
0000012c   FCTL3
0000012e   TA0IV
00000160   TA0CTL
00000162   TA0CCTL0
00000164   TA0CCTL1
00000166   TA0CCTL2
00000170   TA0R
00000172   TA0CCR0
00000174   TA0CCR1
00000176   TA0CCR2
00000180   TA1CTL
00000182   TA1CCTL0
00000184   TA1CCTL1
00000186   TA1CCTL2
00000190   TA1R
00000192   TA1CCR0
00000194   TA1CCR1
00000196   TA1CCR2
000001b0   ADC10CTL0
000001b2   ADC10CTL1
000001b4   ADC10MEM
000001bc   ADC10SA
00000200   debug_buffer
00000354   rxBuf
00000364   txBuf
00000374   direction
00000376   fill_ptr
00000378   dump_ptr
0000037a   byte_shift
0000037c   time
0000037e   speed
00000380   integral
00000382   threshold
00000384   blank
00000386   vpwr
00000388   comms
0000038a   operation_mode
0000038c   debug_select
0000038e   startup
00000390   adc_channel
00000391   adc_last_state
00000392   txIndexWr
00000394   txIndexRd
00000396   rxIndexWr
00000398   rxIndexRd
0000039a   byte_cnt
0000039b   cmd
0000039c   rxData
000003a4   state
000003b0   _stack
00000400   __STACK_END
000010f8   CALDCO_16MHZ
000010f9   CALBC1_16MHZ
000010fa   CALDCO_12MHZ
000010fb   CALBC1_12MHZ
000010fc   CALDCO_8MHZ
000010fd   CALBC1_8MHZ
000010fe   CALDCO_1MHZ
000010ff   CALBC1_1MHZ
0000c000   ADC10_ISR
0000c1a8   main
0000c262   USCIAB0RX_ISR
0000c35a   _auto_init
0000c3b8   empty_buffer
0000c410   __mspabi_srli
0000c41e   __mspabi_srli_15
0000c422   __mspabi_srli_14
0000c426   __mspabi_srli_13
0000c42a   __mspabi_srli_12
0000c42e   __mspabi_srli_11
0000c432   __mspabi_srli_10
0000c436   __mspabi_srli_9
0000c43a   __mspabi_srli_8
0000c43e   __mspabi_srli_7
0000c442   __mspabi_srli_6
0000c446   __mspabi_srli_5
0000c44a   __mspabi_srli_4
0000c44e   __mspabi_srli_3
0000c452   __mspabi_srli_2
0000c456   __mspabi_srli_1
0000c45c   TIMER1_A1_ISR
0000c492   USCIAB0TX_ISR
0000c4c6   commutate_dir
0000c4fa   commutate
0000c528   __mspabi_slli
0000c534   __mspabi_slli_15
0000c536   __mspabi_slli_14
0000c538   __mspabi_slli_13
0000c53a   __mspabi_slli_12
0000c53c   __mspabi_slli_11
0000c53e   __mspabi_slli_10
0000c540   __mspabi_slli_9
0000c542   __mspabi_slli_8
0000c544   __mspabi_slli_7
0000c546   __mspabi_slli_6
0000c548   __mspabi_slli_5
0000c54a   __mspabi_slli_4
0000c54c   __mspabi_slli_3
0000c54e   __mspabi_slli_2
0000c550   __mspabi_slli_1
0000c554   TIMER1_A0_ISR
0000c57e   pwm1_init
0000c5a2   timera0_init
0000c5c6   serial_init
0000c5e6   _c_int00
0000c5e6   _c_int00_noexit
0000c600   __TI_zero_init
0000c614   pwm1_duty_cycle
0000c628   __TI_decompress_none
0000c63a   memcpy
0000c64c   TIMER0_A1_ISR
0000c65c   __mspabi_func_epilog_7
0000c65e   __mspabi_func_epilog_6
0000c660   __mspabi_func_epilog_5
0000c662   __mspabi_func_epilog_4
0000c664   __mspabi_func_epilog_3
0000c666   __mspabi_func_epilog_2
0000c668   __mspabi_func_epilog_1
0000c66c   WDT_ISR
0000c672   __TI_decompress_rle24
0000c678   _system_pre_init
0000c67c   C$$EXIT
0000c67c   abort
0000c6da   __TI_Handler_Table_Base
0000c6e0   __TI_Handler_Table_Limit
0000c6e4   __TI_CINIT_Base
0000c6ec   __TI_CINIT_Limit
0000fffe   _reset_vector
ffffffff   __binit__
ffffffff   __c_args__
ffffffff   binit
UNDEFED    __TI_INITARRAY_Base
UNDEFED    __TI_INITARRAY_Limit

[199 symbols]
